// Jest Snapshot v1, https://goo.gl/fbAQLP

exports[`<Modal /> should be visible if props.show is passed in 1`] = `ShallowWrapper {}`;
