// Jest Snapshot v1, https://goo.gl/fbAQLP

exports[`<Backdrop /> should render if props.show is passed in 1`] = `ShallowWrapper {}`;
