// Jest Snapshot v1, https://goo.gl/fbAQLP

exports[`<Anthology /> should render 1`] = `ShallowWrapper {}`;
