// Jest Snapshot v1, https://goo.gl/fbAQLP

exports[`<BookSummary /> should render 1`] = `ShallowWrapper {}`;
